[
  {
    viewport: { width: 390, height: 844 },
    steps: [
      'Unterkunft created through actual plan form and opened as item detail',
      'Flug created through actual plan form and opened as item detail',
      'both manually created items survive reload and return preserves day-1'
    ],
    blocked: [],
    savedItems: [ [Object], [Object], [Object], [Object] ],
    status: 'PASS'
  },
  {
    viewport: { width: 1440, height: 900 },
    steps: [
      'Unterkunft created through actual plan form and opened as item detail',
      'Flug created through actual plan form and opened as item detail',
      'both manually created items survive reload and return preserves day-1'
    ],
    blocked: [],
    savedItems: [ [Object], [Object], [Object], [Object] ],
    status: 'PASS'
  }
]
