[
  {
    "name": "360",
    "status": "PASS",
    "cases": 14,
    "findings": [],
    "pageErrors": [],
    "blocked": []
  },
  {
    "name": "390",
    "status": "PASS",
    "cases": 14,
    "findings": [],
    "pageErrors": [],
    "blocked": []
  },
  {
    "name": "768",
    "status": "PASS",
    "cases": 14,
    "findings": [],
    "pageErrors": [],
    "blocked": []
  },
  {
    "name": "1440",
    "status": "PASS",
    "cases": 14,
    "findings": [],
    "pageErrors": [],
    "blocked": []
  }
]
